
fox@Babyhead-Act2:~$ echo "banana"{1...100}
banana{1...100}
fox@Babyhead-Act2:~$ printf banana
bananafox@Babyhead-Act2:~$ printf "%${N}s"
fox@Babyhead-Act2:~$ echo 'banana'{,,}
banana banana banana
fox@Babyhead-Act2:~$ man awk
fox@Babyhead-Act2:~$ man awk
fox@Babyhead-Act2:~$ seq 5 | awk '{print "Banana"
> }'
Banana
Banana
Banana
Banana
Banana
fox@Babyhead-Act2:~$ seq 5 | awk '{printf "Banana"}'
BananaBananaBananaBananaBananafox@Babyhead-Act2:~$ man awk
fox@Babyhead-Act2:~$ man seq
fox@Babyhead-Act2:~$ seq 10
1
2
3
4
5
6
7
8
9
10
fox@Babyhead-Act2:~$ seq 10 | echo Banana
Banana
fox@Babyhead-Act2:~$ seq 10 | awk {echo Banana}
awk: line 2: missing } near end of file
fox@Babyhead-Act2:~$ seq 10 | aw "{echo Banana"}
aw: command not found
fox@Babyhead-Act2:~$ seq 10 | awk "{echo Banana"}
fox@Babyhead-Act2:~$ seq 10 | awk "{echo Banana}"
fox@Babyhead-Act2:~$ seq 10 | awk '{echo Banana}'
fox@Babyhead-Act2:~$ seq 10 | awk '{echo" Banan"}'
fox@Babyhead-Act2:~$ seq 10 | awk '{echo Banan"}'
awk: line 1: runaway string constant "} ...
fox@Babyhead-Act2:~$ seq 10 | awk '{echo "pinapple"}'
fox@Babyhead-Act2:~$ man awk
fox@Babyhead-Act2:~$ seq 50 | awk '{printf "="}'
==================================================fox@Babyhead-Act2:~$ echo a
a
fox@Babyhead-Act2:~$ echo -n=50 a
-n=50 a
fox@Babyhead-Act2:~$ man echo
fox@Babyhead-Act2:~$ man fo
No manual entry for fo
fox@Babyhead-Act2:~$ man for
No manual entry for for
fox@Babyhead-Act2:~$ for -h
> 
> ^C
fox@Babyhead-Act2:~$ echo -n apple
applefox@Babyhead-Act2:~$ for i in 10 echo -n apple
> fi
bash: syntax error near unexpected token `fi'
fox@Babyhead-Act2:~$ for i in {1..50}; do echo -n apple; done
appleappleappleappleappleappleappleappleappleappleappleappleappleappleappleappleappleappleappleappleappleappleappleappleappleappleappleappleappleappleappleappleappleappleappleappleappleappleappleappleappleappleappleappleappleappleappleappleappleapplefox@Babyhead-Act2:~$ &1
bash: syntax error near unexpected token `&'
fox@Babyhead-Act2:~$ my_arr=(1 3 2)
fox@Babyhead-Act2:~$ echo $my_arr
1
fox@Babyhead-Act2:~$ print $my_arr
Command 'print' not found, but can be installed with:
sudo apt install mailcap
fox@Babyhead-Act2:~$ printf $my_arr
1fox@Babyhead-Act2:~$ for i in {$my_arr}; do echo i; done
i
fox@Babyhead-Act2:~$ for i in $my_arr; do echo 1; done
1
fox@Babyhead-Act2:~$ echo ${my_arr[1]}
3
fox@Babyhead-Act2:~$ for i in ${my_arr}; do echo $i; done
1
fox@Babyhead-Act2:~$ for i in ${#my_arr[*]}; do echo $i; done
3
fox@Babyhead-Act2:~$ for i in {1..${#my_arr[*]}}; do echo $i; done
{1..3}
fox@Babyhead-Act2:~$ for i in {1..`${#my_arr[*]}`}; do echo $i; done
3: command not found
{1..}
fox@Babyhead-Act2:~$ for i in {1..${#my_arr[*]}}; do echo apple; done
apple
fox@Babyhead-Act2:~$ for i in { 1..${#my_arr[*]} }; do echo apple; done
apple
apple
apple
fox@Babyhead-Act2:~$ myfunc() { echo "does a thing" }
> ^C
fox@Babyhead-Act2:~$ myfunc() = { echo "does a thing" }
bash: syntax error near unexpected token `='
fox@Babyhead-Act2:~$ myfunc() = { echo "does a thing";}
bash: syntax error near unexpected token `='
fox@Babyhead-Act2:~$ myfunc() { echo "does a thing";}
fox@Babyhead-Act2:~$ myfunc
does a thing
fox@Babyhead-Act2:~$ testarr = (1 2 3 4 5 6 7 8 9 10)
bash: syntax error near unexpected token `('
fox@Babyhead-Act2:~$ test_array= (1 2 3 4 5 6 7 8 9 10)
bash: syntax error near unexpected token `('
fox@Babyhead-Act2:~$ test_array=(1 2 3 4 5 6 7 8 9 10)
fox@Babyhead-Act2:~$ for i in { 1..${#test_array[*]} }; do echo apple; done
apple
apple
apple
fox@Babyhead-Act2:~$ for i in { 1..${#test_array[*]} }; do echo apple; done
apple
apple
apple
fox@Babyhead-Act2:~$ ${#test_array[*]}
10: command not found
fox@Babyhead-Act2:~$ fourray=(1 3 5 8)
fox@Babyhead-Act2:~$ for i in { 1..${#fourray[*]} }; do echo apple; done
apple
apple
apple
fox@Babyhead-Act2:~$ for i in { 1..${#fourray[@]} }; do echo apple; done
apple
apple
apple
fox@Babyhead-Act2:~$ for i in ${#fourray[@]}; do echo apple; done
apple
fox@Babyhead-Act2:~$ echo fourray[@]
fourray[@]
fox@Babyhead-Act2:~$ echo ${fourray[@]}
1 3 5 8
fox@Babyhead-Act2:~$ echo ${fourray[*]}
1 3 5 8
fox@Babyhead-Act2:~$ for i in ${fourray[@]}; do echo apple; done
apple
apple
apple
apple
fox@Babyhead-Act2:~$ for i in ${fourray[*]}; do echo apple; done
apple
apple
apple
apple
fox@Babyhead-Act2:~$ for i in ${1..#fourray[@]}; do echo apple; done
bash: ${1..#fourray[@]}: bad substitution
fox@Babyhead-Act2:~$ for i in {1..${#fourray[@]}}; do echo apple; done
apple
fox@Babyhead-Act2:~$ for i in {1..${#fourray[*]}}; do echo apple; done
apple
fox@Babyhead-Act2:~$ [10 % 3]
[10: command not found
fox@Babyhead-Act2:~$ [ 10 % 3 ]
bash: [: %: binary operator expected
fox@Babyhead-Act2:~$ (( 10 %= 3 ))
bash: ((: 10 %= 3 : attempted assignment to non-variable (error token is "%= 3 ")
fox@Babyhead-Act2:~$ (( 10 % 3 ))
fox@Babyhead-Act2:~$ 10 % 3
10: command not found
fox@Babyhead-Act2:~$ 10 + 3
10: command not found
fox@Babyhead-Act2:~$ $RANDOM
29699: command not found
fox@Babyhead-Act2:~$ echo(( 10 % 3 ))
bash: syntax error near unexpected token `('
fox@Babyhead-Act2:~$ echo (( 10 % 3 ))
bash: syntax error near unexpected token `('
fox@Babyhead-Act2:~$ echo $(( 10 % 3 ))
1
fox@Babyhead-Act2:~$ echo $(( 10 % 2 ))
0
fox@Babyhead-Act2:~$ man readarray
No manual entry for readarray
fox@Babyhead-Act2:~$ readarray -h
bash: readarray: -h: invalid option
readarray: usage: readarray [-d delim] [-n count] [-O origin] [-s count] [-t] [-u fd] [-C callback] [-c quantum] [array]
fox@Babyhead-Act2:~$ alpharaw='a,b,c,d
> e,f,g
> h,i,,k
> l,,n,o'
fox@Babyhead-Act2:~$ readarray --t -d $'\n' < <(printf '%s" "$alpharaw")
> readarray --t -d $'\n' < <(printf '%s" "$alpharaw")^C
fox@Babyhead-Act2:~$ readarray -t -d $'\n' < <(printf '%s" "$alpharaw")
> ^C
fox@Babyhead-Act2:~$ readarray -t -d $'\n' alpharows < <(printf '%s" "$alpharaw")
> ^C
fox@Babyhead-Act2:~$ (printf '%s" "$alpharaw")
> <^Crintf '%s" "$alpharaw")
fox@Babyhead-Act2:~$ <(printf '%s" "$alpharaw")
> ^C
fox@Babyhead-Act2:~$ readarray -t -d $'\n' alpharows
^C
fox@Babyhead-Act2:~$ readarray -t -d $'\n' alpharows < <(printf '%s' "$alpharaw")
fox@Babyhead-Act2:~$ alpharows
alpharows: command not found
fox@Babyhead-Act2:~$ $alpharows
a,b,c,d: command not found
fox@Babyhead-Act2:~$ ${alpharows[@]}
a,b,c,d: command not found
fox@Babyhead-Act2:~$ echo $alpharows[@]
a,b,c,d[@]
fox@Babyhead-Act2:~$ echo ${alpharows[@]}
a,b,c,d e,f,g h,i,,k l,,n,o
fox@Babyhead-Act2:~$ readarray -t alpharowses < <(printf '%s' "$alpharaw")
fox@Babyhead-Act2:~$ ${alpharowses[@]}
a,b,c,d: command not found
fox@Babyhead-Act2:~$ echo ${alpharowses[@]}
a,b,c,d e,f,g h,i,,k l,,n,o
fox@Babyhead-Act2:~$ ^[[200~IFS=$'\n' readarray -t alpharows < <(printf '%s' "$alpharaw")^C
fox@Babyhead-Act2:~$ IFS=$'\n' readarray -t alpharows < <(printf '%s' "$alpharaw")
fox@Babyhead-Act2:~$ echo "$IFS" | cat -et
 ^I$
$
fox@Babyhead-Act2:~$ unset IFS
fox@Babyhead-Act2:~$ get_element() 
{
        # The first parameter is the base array, the second is the row,
        #+and the third is the column.
        alpharaw="$1"
        echo "alpharaw=$alpharaw"
        row="$2"
        echo "row=$row"
        col="$3"
        echo "col=$col"
        sep="${4:-,}"
        echo "sep=$sep"

        local alpharow alpharows
        IFS=$'\n' readarray -t alpharows < <(printf '%s' "$alpharaw")

        # If the number of rows is greater than or equal to the number of
        #+elements in alpharows, someone fricked up.
        if [[ $row -ge ${#alpharows[@]} ]]; then
                echo "Bad row."
                return
        fi
        
        # Set the separation filter to the value of the fourth variable.
}       echo "${alpharow[$col]}"."[@]} ]]; then '%s' "${alpharows[$row]}")
fox@Babyhead-Act2:~$ getelement
getelement: command not found
fox@Babyhead-Act2:~$ get_element
alpharaw=
row=
col=
sep=,
Bad row.
fox@Babyhead-Act2:~$ get_element 12,43
alpharaw=12,43
row=
col=
sep=,
12
fox@Babyhead-Act2:~$ $alpharaw
12,43: command not found
fox@Babyhead-Act2:~$ get_element alpharaw 4 3 2
alpharaw=alpharaw
row=4
col=3
sep=2
Bad row.
fox@Babyhead-Act2:~$ get_element $alpharaw 4 3 2
alpharaw=alpharaw
row=4
col=3
sep=2
Bad row.
fox@Babyhead-Act2:~$ get_element ${alpharaw} 4 3 2
alpharaw=alpharaw
row=4
col=3
sep=2
Bad row.
fox@Babyhead-Act2:~$ get_element ${alpharaw[@]} 4 3 2
alpharaw=alpharaw
row=4
col=3
sep=2
Bad row.
fox@Babyhead-Act2:~$ get_element `${alpharaw[@]}` 4 3 2
alpharaw: command not found
alpharaw=4
row=3
col=2
sep=,
Bad row.
fox@Babyhead-Act2:~$ echo ${alpharaw[@]}
4
fox@Babyhead-Act2:~$ echo $alpharaw
4
fox@Babyhead-Act2:~$ alpharaw='a,b,c,d
> e,f,g
> h,i,,k
> l,,n,o'
fox@Babyhead-Act2:~$ echo ${alpharaw[@]}
a,b,c,d e,f,g h,i,,k l,,n,o
fox@Babyhead-Act2:~$ get_element `${alpharaw[@]}` 4 3 2
a,b,c,d: command not found
alpharaw=4
row=3
col=2
sep=,
Bad row.
fox@Babyhead-Act2:~$ echo ${alpharaw[@]}
4
fox@Babyhead-Act2:~$ alpharaw='a,b,c,d
e,f,g
h,i,,k
l,,n,o'
fox@Babyhead-Act2:~$ my_arr='a,b,c,d
e,f,g
h,i,,k
l,,n,o'
fox@Babyhead-Act2:~$ get_element ${alpharaw[@]} 4 3 2
alpharaw=a,b,c,d
row=e,f,g
col=h,i,,k
sep=l,,n,o
bash: [[: {1..4}: syntax error: operand expected (error token is "{1..4}")
bash: {1..4}: syntax error: operand expected (error token is "{1..4}")
fox@Babyhead-Act2:~$ get_element $alpharaw 1 2
alpharaw=a,b,c,d
row=1
col=2
sep=,
Bad row.
fox@Babyhead-Act2:~$ my_arr='a,b,c,d
e,f,g
h,i,,k
l,,n,o'
fox@Babyhead-Act2:~$ get_element $my_arr 1 2
alpharaw=a,b,c,d
row=e,f,g
col=h,i,,k
sep=l,,n,o
bash: [[: {1..4}: syntax error: operand expected (error token is "{1..4}")
bash: {1..4}: syntax error: operand expected (error token is "{1..4}")
fox@Babyhead-Act2:~$ get_element "$my_arr" 1 2
alpharaw=a,b,c,d
e,f,g
h,i,,k
l,,n,o
row=1
col=2
sep=,
g
fox@Babyhead-Act2:~$ myvar=abcdefg
fox@Babyhead-Act2:~$ echo ${myvar/b/banana}
abananacdefg
fox@Babyhead-Act2:~$ myvar=abacadaeaf
fox@Babyhead-Act2:~$ echo ${myvar/(a)/\1}
abacadaeaf
fox@Babyhead-Act2:~$ echo ${myvar/a(.)/\1}
abacadaeaf
fox@Babyhead-Act2:~$ echo ${myvar/a(b)/\1}
abacadaeaf
fox@Babyhead-Act2:~$ man grep
fox@Babyhead-Act2:~$ man perl
fox@Babyhead-Act2:~$ echo "sunrise sunset sun" | grep -E '(sun)set'
sunrise sunset sun
fox@Babyhead-Act2:~$ echo "sunrise sunset sun" | grep -E 'sunset'
sunrise sunset sun
fox@Babyhead-Act2:~$ echo "sunrise sunset sun" | grep -E s* 
fox@Babyhead-Act2:~$ echo "sunrise sunset sun" | grep -E s.*
sunrise sunset sun
fox@Babyhead-Act2:~$ echo "sunrise sunset sun" | grep -E s.(^\w)
bash: syntax error near unexpected token `('
fox@Babyhead-Act2:~$ echo "sunrise sunset sun" | grep -E s.[^\w]
sunrise sunset sun
fox@Babyhead-Act2:~$ s[^\w]*
The snap command lets you install, configure, refresh and remove snaps.
Snaps are packages that work across many different Linux distributions,
enabling secure delivery and operation of the latest apps and utilities.

Usage: snap <command> [<options>...]

Commonly used commands can be classified as follows:

           Basics: find, info, install, remove, list, components, component
          ...more: refresh, revert, switch, disable, enable, create-cohort
          History: changes, tasks, abort, watch
          Daemons: services, start, stop, restart, logs
      Permissions: connections, interface, connect, disconnect
    Configuration: get, set, unset, wait
      App Aliases: alias, aliases, unalias, prefer
          Account: login, logout, whoami
        Snapshots: saved, save, check-snapshot, restore, forget
  Issue reporting: report-issue
           Device: model, remodel, reboot, recovery
     Quota Groups: set-quota, remove-quota, quotas, quota
  Validation Sets: validate
        ... Other: warnings, okay, known, ack, version
      Development: download, pack, run, try, sign

For more information about a command, run 'snap help <command>'.
For a short summary of all commands, run 'snap help --all'.
fox@Babyhead-Act2:~$ echo "sunrise sunset sun" | grep -E s[^\w]*
fox@Babyhead-Act2:~$ echo "sunrise sunset sun" | grep -E s[^\W]*
fox@Babyhead-Act2:~$ echo "sunrise sunset sun" | grep -PE s[^\w]*
grep: conflicting matchers specified
fox@Babyhead-Act2:~$ man grep
fox@Babyhead-Act2:~$ echo "sunrise sunset sun" | grep -oE s[^\W]*
fox@Babyhead-Act2:~$ sed "s/$myvar/a(*)/\1/g"
sed: -e expression #1, char 19: unknown option to `s'
fox@Babyhead-Act2:~$ man sed
fox@Babyhead-Act2:~$ sed "s/a(.)/\1/g" $myvar
sed: -e expression #1, char 11: invalid reference \1 on `s' command's RHS
fox@Babyhead-Act2:~$ sed -r "s/a(.)/\1/g" $myvar
sed: can't read abacadaeaf: No such file or directory
fox@Babyhead-Act2:~$ echo "$myvar" | sed -r "s/a(.)/\1/g"
bcdef
fox@Babyhead-Act2:~$ checky=1
fox@Babyhead-Act2:~$ echo "$myvar" | sed -r "s/a(.)/\$checky/g"
$checky$checky$checky$checky$checky
fox@Babyhead-Act2:~$ echo "$myvar" | sed -r "s/a(.)/\`$checky`/g"
> ^C
fox@Babyhead-Act2:~$ echo "$myvar" | sed -r "s/a(.)/\`$checky`/g"
> echo "$myvar" | sed -r "s/a(.)/\`$checky`/g"^C
fox@Babyhead-Act2:~$ echo "$myvar" | sed -r "s/a(.)/\\`$checky`/g"
1: command not found
sed: -e expression #1, char 10: unterminated `s' command
fox@Babyhead-Act2:~$ echo "$myvar" | sed -r "s/a(.)/\\$checky/g"
bcdef
